Archive member included to satisfy reference by file (symbol)

c:/program files (x86)/atmel/studio/7.0/toolchain/avr8/avr8-gnu-toolchain/bin/../lib/gcc/avr/5.4.0/avr5\libgcc.a(_exit.o)
                              C:/Program Files (x86)/Atmel/Studio/7.0/Packs/atmel/ATmega_DFP/1.2.209/gcc/dev/atmega32/avr5/crtatmega32.o (exit)
c:/program files (x86)/atmel/studio/7.0/toolchain/avr8/avr8-gnu-toolchain/bin/../lib/gcc/avr/5.4.0/avr5\libgcc.a(_copy_data.o)
                              App1.o (__do_copy_data)
c:/program files (x86)/atmel/studio/7.0/toolchain/avr8/avr8-gnu-toolchain/bin/../lib/gcc/avr/5.4.0/avr5\libgcc.a(_clear_bss.o)
                              App1.o (__do_clear_bss)
c:/program files (x86)/atmel/studio/7.0/toolchain/avr8/avr8-gnu-toolchain/bin/../lib/gcc/avr/5.4.0/../../../../avr/lib/avr5\libc.a(memcpy.o)
                              queue.o (memcpy)
c:/program files (x86)/atmel/studio/7.0/toolchain/avr8/avr8-gnu-toolchain/bin/../lib/gcc/avr/5.4.0/../../../../avr/lib/avr5\libc.a(memset.o)
                              tasks.o (memset)
c:/program files (x86)/atmel/studio/7.0/toolchain/avr8/avr8-gnu-toolchain/bin/../lib/gcc/avr/5.4.0/../../../../avr/lib/avr5\libc.a(strncpy.o)
                              tasks.o (strncpy)
c:/program files (x86)/atmel/studio/7.0/toolchain/avr8/avr8-gnu-toolchain/bin/../lib/gcc/avr/5.4.0/../../../../avr/lib/avr5\libc.a(itoa_ncheck.o)
                              App1.o (__itoa_ncheck)
c:/program files (x86)/atmel/studio/7.0/toolchain/avr8/avr8-gnu-toolchain/bin/../lib/gcc/avr/5.4.0/../../../../avr/lib/avr5\libc.a(utoa_ncheck.o)
                              c:/program files (x86)/atmel/studio/7.0/toolchain/avr8/avr8-gnu-toolchain/bin/../lib/gcc/avr/5.4.0/../../../../avr/lib/avr5\libc.a(itoa_ncheck.o) (__utoa_common)
c:/program files (x86)/atmel/studio/7.0/toolchain/avr8/avr8-gnu-toolchain/bin/../lib/gcc/avr/5.4.0/../../../../avr/lib/avr5\libc.a(strrev.o)
                              c:/program files (x86)/atmel/studio/7.0/toolchain/avr8/avr8-gnu-toolchain/bin/../lib/gcc/avr/5.4.0/../../../../avr/lib/avr5\libc.a(utoa_ncheck.o) (strrev)

Discarded input sections

 .data          0x00000000        0x0 C:/Program Files (x86)/Atmel/Studio/7.0/Packs/atmel/ATmega_DFP/1.2.209/gcc/dev/atmega32/avr5/crtatmega32.o
 .bss           0x00000000        0x0 C:/Program Files (x86)/Atmel/Studio/7.0/Packs/atmel/ATmega_DFP/1.2.209/gcc/dev/atmega32/avr5/crtatmega32.o
 .text          0x00000000        0x0 App1.o
 .data          0x00000000        0x0 App1.o
 .bss           0x00000000        0x0 App1.o
 .text.App1_WriteCbk
                0x00000000        0x8 App1.o
 .text.App1_ReadCbk
                0x00000000        0x8 App1.o
 .text          0x00000000        0x0 App2.o
 .data          0x00000000        0x0 App2.o
 .bss           0x00000000        0x0 App2.o
 .text.App2_WriteCbk
                0x00000000        0x8 App2.o
 .text.App2_ReadCbk
                0x00000000        0x8 App2.o
 .text          0x00000000        0x0 Btn.o
 .data          0x00000000        0x0 Btn.o
 .bss           0x00000000        0x0 Btn.o
 .text          0x00000000        0x0 BTN_Cfg.o
 .data          0x00000000        0x0 BTN_Cfg.o
 .bss           0x00000000        0x0 BTN_Cfg.o
 .text          0x00000000        0x0 croutine.o
 .data          0x00000000        0x0 croutine.o
 .bss           0x00000000        0x0 croutine.o
 .text.xCoRoutineCreate
                0x00000000       0xf0 croutine.o
 .text.vCoRoutineAddToDelayedList
                0x00000000       0x86 croutine.o
 .text.vCoRoutineSchedule
                0x00000000      0x274 croutine.o
 .text.xCoRoutineRemoveFromEventList
                0x00000000       0x4a croutine.o
 .bss.xPassedTicks
                0x00000000        0x2 croutine.o
 .bss.xLastTickCount
                0x00000000        0x2 croutine.o
 .bss.xCoRoutineTickCount
                0x00000000        0x2 croutine.o
 .bss.uxTopCoRoutineReadyPriority
                0x00000000        0x1 croutine.o
 .bss.pxCurrentCoRoutine
                0x00000000        0x2 croutine.o
 .bss.xPendingReadyCoRoutineList
                0x00000000        0x9 croutine.o
 .bss.pxOverflowDelayedCoRoutineList
                0x00000000        0x2 croutine.o
 .bss.pxDelayedCoRoutineList
                0x00000000        0x2 croutine.o
 .bss.xDelayedCoRoutineList2
                0x00000000        0x9 croutine.o
 .bss.xDelayedCoRoutineList1
                0x00000000        0x9 croutine.o
 .bss.pxReadyCoRoutineLists
                0x00000000       0x12 croutine.o
 .debug_info    0x00000000      0x774 croutine.o
 .debug_abbrev  0x00000000      0x232 croutine.o
 .debug_loc     0x00000000      0x3eb croutine.o
 .debug_aranges
                0x00000000       0x38 croutine.o
 .debug_ranges  0x00000000       0x28 croutine.o
 .debug_line    0x00000000      0x2a9 croutine.o
 .debug_str     0x00000000      0x531 croutine.o
 .comment       0x00000000       0x31 croutine.o
 .debug_frame   0x00000000       0xc0 croutine.o
 .text          0x00000000        0x0 DIO.o
 .data          0x00000000        0x0 DIO.o
 .bss           0x00000000        0x0 DIO.o
 .text          0x00000000        0x0 DIO_Cfg.o
 .data          0x00000000        0x0 DIO_Cfg.o
 .bss           0x00000000        0x0 DIO_Cfg.o
 .text          0x00000000        0x0 EEPROM_EXT.o
 .data          0x00000000        0x0 EEPROM_EXT.o
 .bss           0x00000000        0x0 EEPROM_EXT.o
 .debug_line    0x00000000        0x0 EEPROM_EXT.o
 .debug_str     0x00000000      0x103 EEPROM_EXT.o
 .comment       0x00000000       0x31 EEPROM_EXT.o
 .text          0x00000000        0x0 EEPROM_EXT_Cfg.o
 .data          0x00000000        0x0 EEPROM_EXT_Cfg.o
 .bss           0x00000000        0x0 EEPROM_EXT_Cfg.o
 .rodata.EEXT_ConfigParam
                0x00000000        0x4 EEPROM_EXT_Cfg.o
 .debug_info    0x00000000       0x86 EEPROM_EXT_Cfg.o
 .debug_abbrev  0x00000000       0x6c EEPROM_EXT_Cfg.o
 .debug_aranges
                0x00000000       0x18 EEPROM_EXT_Cfg.o
 .debug_line    0x00000000       0x43 EEPROM_EXT_Cfg.o
 .debug_str     0x00000000      0x17d EEPROM_EXT_Cfg.o
 .comment       0x00000000       0x31 EEPROM_EXT_Cfg.o
 .text          0x00000000        0x0 EEPROM_INT.o
 .data          0x00000000        0x0 EEPROM_INT.o
 .bss           0x00000000        0x0 EEPROM_INT.o
 .debug_line    0x00000000        0x0 EEPROM_INT.o
 .debug_str     0x00000000      0x103 EEPROM_INT.o
 .comment       0x00000000       0x31 EEPROM_INT.o
 .text          0x00000000        0x0 EEPROM_INT_Cfg.o
 .data          0x00000000        0x0 EEPROM_INT_Cfg.o
 .bss           0x00000000        0x0 EEPROM_INT_Cfg.o
 .rodata.EEINT_ConfigParam
                0x00000000        0x4 EEPROM_INT_Cfg.o
 .debug_info    0x00000000       0x86 EEPROM_INT_Cfg.o
 .debug_abbrev  0x00000000       0x6c EEPROM_INT_Cfg.o
 .debug_aranges
                0x00000000       0x18 EEPROM_INT_Cfg.o
 .debug_line    0x00000000       0x43 EEPROM_INT_Cfg.o
 .debug_str     0x00000000      0x17e EEPROM_INT_Cfg.o
 .comment       0x00000000       0x31 EEPROM_INT_Cfg.o
 .text          0x00000000        0x0 heap_1.o
 .data          0x00000000        0x0 heap_1.o
 .bss           0x00000000        0x0 heap_1.o
 .text.vPortInitialiseBlocks
                0x00000000        0xa heap_1.o
 .text.xPortGetFreeHeapSize
                0x00000000       0x12 heap_1.o
 .text          0x00000000        0x0 I2C.o
 .data          0x00000000        0x0 I2C.o
 .bss           0x00000000        0x0 I2C.o
 .debug_line    0x00000000        0x0 I2C.o
 .debug_str     0x00000000       0xfc I2C.o
 .comment       0x00000000       0x31 I2C.o
 .text          0x00000000        0x0 I2C_Cfg.o
 .data          0x00000000        0x0 I2C_Cfg.o
 .bss           0x00000000        0x0 I2C_Cfg.o
 .rodata.I2C_ConfigParam
                0x00000000        0xc I2C_Cfg.o
 .debug_info    0x00000000       0xa9 I2C_Cfg.o
 .debug_abbrev  0x00000000       0x6c I2C_Cfg.o
 .debug_aranges
                0x00000000       0x18 I2C_Cfg.o
 .debug_line    0x00000000       0x35 I2C_Cfg.o
 .debug_str     0x00000000      0x18e I2C_Cfg.o
 .comment       0x00000000       0x31 I2C_Cfg.o
 .text          0x00000000        0x0 lcd_4bit.o
 .data          0x00000000        0x0 lcd_4bit.o
 .bss           0x00000000        0x0 lcd_4bit.o
 .text.lcd_disp_string_xy
                0x00000000       0x1a lcd_4bit.o
 .text          0x00000000        0x0 list.o
 .data          0x00000000        0x0 list.o
 .bss           0x00000000        0x0 list.o
 .text          0x00000000        0x0 main.o
 .data          0x00000000        0x0 main.o
 .bss           0x00000000        0x0 main.o
 .text.Main_WriteAllDone
                0x00000000        0x8 main.o
 .text.Main_ReadAllDone
                0x00000000        0x8 main.o
 .text.Main_Init
                0x00000000        0xe main.o
 .text          0x00000000        0x0 MEM_IF.o
 .data          0x00000000        0x0 MEM_IF.o
 .bss           0x00000000        0x0 MEM_IF.o
 .debug_line    0x00000000        0x0 MEM_IF.o
 .debug_str     0x00000000       0xff MEM_IF.o
 .comment       0x00000000       0x31 MEM_IF.o
 .text          0x00000000        0x0 MEM_IF_Cfg.o
 .data          0x00000000        0x0 MEM_IF_Cfg.o
 .bss           0x00000000        0x0 MEM_IF_Cfg.o
 .rodata.MEMIF_ConfigParam
                0x00000000        0x6 MEM_IF_Cfg.o
 .rodata.MEMIF_BlockConfig
                0x00000000        0xa MEM_IF_Cfg.o
 .debug_info    0x00000000      0x13d MEM_IF_Cfg.o
 .debug_abbrev  0x00000000       0x96 MEM_IF_Cfg.o
 .debug_aranges
                0x00000000       0x18 MEM_IF_Cfg.o
 .debug_line    0x00000000       0x3b MEM_IF_Cfg.o
 .debug_str     0x00000000      0x225 MEM_IF_Cfg.o
 .comment       0x00000000       0x31 MEM_IF_Cfg.o
 .text          0x00000000        0x0 NVM.o
 .data          0x00000000        0x0 NVM.o
 .bss           0x00000000        0x0 NVM.o
 .debug_line    0x00000000        0x0 NVM.o
 .debug_str     0x00000000       0xfc NVM.o
 .comment       0x00000000       0x31 NVM.o
 .text          0x00000000        0x0 NVM_Cfg.o
 .data          0x00000000        0x0 NVM_Cfg.o
 .bss           0x00000000        0x0 NVM_Cfg.o
 .rodata.NVM_GlobalCallbacks
                0x00000000        0x4 NVM_Cfg.o
 .rodata.NVM_BlocConfig
                0x00000000       0x10 NVM_Cfg.o
 .debug_info    0x00000000      0x13c NVM_Cfg.o
 .debug_abbrev  0x00000000       0x8f NVM_Cfg.o
 .debug_aranges
                0x00000000       0x18 NVM_Cfg.o
 .debug_line    0x00000000       0x43 NVM_Cfg.o
 .debug_str     0x00000000      0x211 NVM_Cfg.o
 .comment       0x00000000       0x31 NVM_Cfg.o
 .text          0x00000000        0x0 NVM_USER.o
 .data          0x00000000        0x0 NVM_USER.o
 .bss           0x00000000        0x0 NVM_USER.o
 .bss.Counter2RamMirrorBlock
                0x00000000        0x1 NVM_USER.o
 .bss.Counter1RamMirrorBlock
                0x00000000        0x1 NVM_USER.o
 .debug_info    0x00000000       0x60 NVM_USER.o
 .debug_abbrev  0x00000000       0x3e NVM_USER.o
 .debug_aranges
                0x00000000       0x18 NVM_USER.o
 .debug_line    0x00000000       0x2d NVM_USER.o
 .debug_str     0x00000000      0x146 NVM_USER.o
 .comment       0x00000000       0x31 NVM_USER.o
 .text          0x00000000        0x0 port.o
 .data          0x00000000        0x0 port.o
 .bss           0x00000000        0x0 port.o
 .text.vPortEndScheduler
                0x00000000        0x2 port.o
 .text          0x00000000        0x0 queue.o
 .data          0x00000000        0x0 queue.o
 .bss           0x00000000        0x0 queue.o
 .text.prvCopyDataToQueue
                0x00000000       0x82 queue.o
 .text.prvCopyDataFromQueue
                0x00000000       0x34 queue.o
 .text.prvUnlockQueue
                0x00000000       0x94 queue.o
 .text.xQueueCreate
                0x00000000       0xa0 queue.o
 .text.xQueueGenericSend
                0x00000000      0x134 queue.o
 .text.xQueueGenericSendFromISR
                0x00000000       0x58 queue.o
 .text.xQueueGenericReceive
                0x00000000      0x158 queue.o
 .text.xQueueReceiveFromISR
                0x00000000       0x5a queue.o
 .text.uxQueueMessagesWaiting
                0x00000000       0x10 queue.o
 .text.uxQueueMessagesWaitingFromISR
                0x00000000        0x6 queue.o
 .text.vQueueDelete
                0x00000000       0x1a queue.o
 .text.xQueueIsQueueEmptyFromISR
                0x00000000        0xc queue.o
 .text.xQueueIsQueueFullFromISR
                0x00000000        0xe queue.o
 .debug_info    0x00000000      0xc1d queue.o
 .debug_abbrev  0x00000000      0x22c queue.o
 .debug_loc     0x00000000      0xc58 queue.o
 .debug_aranges
                0x00000000       0x80 queue.o
 .debug_ranges  0x00000000       0x70 queue.o
 .debug_line    0x00000000      0x607 queue.o
 .debug_str     0x00000000      0x5f0 queue.o
 .comment       0x00000000       0x31 queue.o
 .debug_frame   0x00000000      0x1e0 queue.o
 .text          0x00000000        0x0 tasks.o
 .data          0x00000000        0x0 tasks.o
 .bss           0x00000000        0x0 tasks.o
 .text.vTaskDelete
                0x00000000       0x92 tasks.o
 .text.vTaskEndScheduler
                0x00000000        0xc tasks.o
 .text.xTaskGetTickCount
                0x00000000       0x14 tasks.o
 .text.xTaskGetTickCountFromISR
                0x00000000        0xa tasks.o
 .text.uxTaskGetNumberOfTasks
                0x00000000        0x6 tasks.o
 .text.vTaskDelayUntil
                0x00000000       0x94 tasks.o
 .text.vTaskPlaceOnEventList
                0x00000000       0x3a tasks.o
 .text.xTaskRemoveFromEventList
                0x00000000       0x8a tasks.o
 .text.vTaskSetTimeOutState
                0x00000000       0x16 tasks.o
 .text.xTaskCheckForTimeOut
                0x00000000       0x6e tasks.o
 .text.vTaskMissedYield
                0x00000000        0x8 tasks.o
 .text          0x00000000        0x0 timers.o
 .data          0x00000000        0x0 timers.o
 .bss           0x00000000        0x0 timers.o
 .debug_info    0x00000000       0x6b timers.o
 .debug_abbrev  0x00000000       0x26 timers.o
 .debug_aranges
                0x00000000       0x18 timers.o
 .debug_line    0x00000000       0x1a timers.o
 .debug_str     0x00000000      0x187 timers.o
 .comment       0x00000000       0x31 timers.o
 .text          0x00000000        0x0 c:/program files (x86)/atmel/studio/7.0/toolchain/avr8/avr8-gnu-toolchain/bin/../lib/gcc/avr/5.4.0/avr5\libgcc.a(_exit.o)
 .data          0x00000000        0x0 c:/program files (x86)/atmel/studio/7.0/toolchain/avr8/avr8-gnu-toolchain/bin/../lib/gcc/avr/5.4.0/avr5\libgcc.a(_exit.o)
 .bss           0x00000000        0x0 c:/program files (x86)/atmel/studio/7.0/toolchain/avr8/avr8-gnu-toolchain/bin/../lib/gcc/avr/5.4.0/avr5\libgcc.a(_exit.o)
 .text.libgcc.mul
                0x00000000        0x0 c:/program files (x86)/atmel/studio/7.0/toolchain/avr8/avr8-gnu-toolchain/bin/../lib/gcc/avr/5.4.0/avr5\libgcc.a(_exit.o)
 .text.libgcc.div
                0x00000000        0x0 c:/program files (x86)/atmel/studio/7.0/toolchain/avr8/avr8-gnu-toolchain/bin/../lib/gcc/avr/5.4.0/avr5\libgcc.a(_exit.o)
 .text.libgcc   0x00000000        0x0 c:/program files (x86)/atmel/studio/7.0/toolchain/avr8/avr8-gnu-toolchain/bin/../lib/gcc/avr/5.4.0/avr5\libgcc.a(_exit.o)
 .text.libgcc.prologue
                0x00000000        0x0 c:/program files (x86)/atmel/studio/7.0/toolchain/avr8/avr8-gnu-toolchain/bin/../lib/gcc/avr/5.4.0/avr5\libgcc.a(_exit.o)
 .text.libgcc.builtins
                0x00000000        0x0 c:/program files (x86)/atmel/studio/7.0/toolchain/avr8/avr8-gnu-toolchain/bin/../lib/gcc/avr/5.4.0/avr5\libgcc.a(_exit.o)
 .text.libgcc.fmul
                0x00000000        0x0 c:/program files (x86)/atmel/studio/7.0/toolchain/avr8/avr8-gnu-toolchain/bin/../lib/gcc/avr/5.4.0/avr5\libgcc.a(_exit.o)
 .text.libgcc.fixed
                0x00000000        0x0 c:/program files (x86)/atmel/studio/7.0/toolchain/avr8/avr8-gnu-toolchain/bin/../lib/gcc/avr/5.4.0/avr5\libgcc.a(_exit.o)
 .text          0x00000000        0x0 c:/program files (x86)/atmel/studio/7.0/toolchain/avr8/avr8-gnu-toolchain/bin/../lib/gcc/avr/5.4.0/avr5\libgcc.a(_copy_data.o)
 .data          0x00000000        0x0 c:/program files (x86)/atmel/studio/7.0/toolchain/avr8/avr8-gnu-toolchain/bin/../lib/gcc/avr/5.4.0/avr5\libgcc.a(_copy_data.o)
 .bss           0x00000000        0x0 c:/program files (x86)/atmel/studio/7.0/toolchain/avr8/avr8-gnu-toolchain/bin/../lib/gcc/avr/5.4.0/avr5\libgcc.a(_copy_data.o)
 .text.libgcc.mul
                0x00000000        0x0 c:/program files (x86)/atmel/studio/7.0/toolchain/avr8/avr8-gnu-toolchain/bin/../lib/gcc/avr/5.4.0/avr5\libgcc.a(_copy_data.o)
 .text.libgcc.div
                0x00000000        0x0 c:/program files (x86)/atmel/studio/7.0/toolchain/avr8/avr8-gnu-toolchain/bin/../lib/gcc/avr/5.4.0/avr5\libgcc.a(_copy_data.o)
 .text.libgcc   0x00000000        0x0 c:/program files (x86)/atmel/studio/7.0/toolchain/avr8/avr8-gnu-toolchain/bin/../lib/gcc/avr/5.4.0/avr5\libgcc.a(_copy_data.o)
 .text.libgcc.prologue
                0x00000000        0x0 c:/program files (x86)/atmel/studio/7.0/toolchain/avr8/avr8-gnu-toolchain/bin/../lib/gcc/avr/5.4.0/avr5\libgcc.a(_copy_data.o)
 .text.libgcc.builtins
                0x00000000        0x0 c:/program files (x86)/atmel/studio/7.0/toolchain/avr8/avr8-gnu-toolchain/bin/../lib/gcc/avr/5.4.0/avr5\libgcc.a(_copy_data.o)
 .text.libgcc.fmul
                0x00000000        0x0 c:/program files (x86)/atmel/studio/7.0/toolchain/avr8/avr8-gnu-toolchain/bin/../lib/gcc/avr/5.4.0/avr5\libgcc.a(_copy_data.o)
 .text.libgcc.fixed
                0x00000000        0x0 c:/program files (x86)/atmel/studio/7.0/toolchain/avr8/avr8-gnu-toolchain/bin/../lib/gcc/avr/5.4.0/avr5\libgcc.a(_copy_data.o)
 .text          0x00000000        0x0 c:/program files (x86)/atmel/studio/7.0/toolchain/avr8/avr8-gnu-toolchain/bin/../lib/gcc/avr/5.4.0/avr5\libgcc.a(_clear_bss.o)
 .data          0x00000000        0x0 c:/program files (x86)/atmel/studio/7.0/toolchain/avr8/avr8-gnu-toolchain/bin/../lib/gcc/avr/5.4.0/avr5\libgcc.a(_clear_bss.o)
 .bss           0x00000000        0x0 c:/program files (x86)/atmel/studio/7.0/toolchain/avr8/avr8-gnu-toolchain/bin/../lib/gcc/avr/5.4.0/avr5\libgcc.a(_clear_bss.o)
 .text.libgcc.mul
                0x00000000        0x0 c:/program files (x86)/atmel/studio/7.0/toolchain/avr8/avr8-gnu-toolchain/bin/../lib/gcc/avr/5.4.0/avr5\libgcc.a(_clear_bss.o)
 .text.libgcc.div
                0x00000000        0x0 c:/program files (x86)/atmel/studio/7.0/toolchain/avr8/avr8-gnu-toolchain/bin/../lib/gcc/avr/5.4.0/avr5\libgcc.a(_clear_bss.o)
 .text.libgcc   0x00000000        0x0 c:/program files (x86)/atmel/studio/7.0/toolchain/avr8/avr8-gnu-toolchain/bin/../lib/gcc/avr/5.4.0/avr5\libgcc.a(_clear_bss.o)
 .text.libgcc.prologue
                0x00000000        0x0 c:/program files (x86)/atmel/studio/7.0/toolchain/avr8/avr8-gnu-toolchain/bin/../lib/gcc/avr/5.4.0/avr5\libgcc.a(_clear_bss.o)
 .text.libgcc.builtins
                0x00000000        0x0 c:/program files (x86)/atmel/studio/7.0/toolchain/avr8/avr8-gnu-toolchain/bin/../lib/gcc/avr/5.4.0/avr5\libgcc.a(_clear_bss.o)
 .text.libgcc.fmul
                0x00000000        0x0 c:/program files (x86)/atmel/studio/7.0/toolchain/avr8/avr8-gnu-toolchain/bin/../lib/gcc/avr/5.4.0/avr5\libgcc.a(_clear_bss.o)
 .text.libgcc.fixed
                0x00000000        0x0 c:/program files (x86)/atmel/studio/7.0/toolchain/avr8/avr8-gnu-toolchain/bin/../lib/gcc/avr/5.4.0/avr5\libgcc.a(_clear_bss.o)
 .text          0x00000000        0x0 c:/program files (x86)/atmel/studio/7.0/toolchain/avr8/avr8-gnu-toolchain/bin/../lib/gcc/avr/5.4.0/../../../../avr/lib/avr5\libc.a(memcpy.o)
 .data          0x00000000        0x0 c:/program files (x86)/atmel/studio/7.0/toolchain/avr8/avr8-gnu-toolchain/bin/../lib/gcc/avr/5.4.0/../../../../avr/lib/avr5\libc.a(memcpy.o)
 .bss           0x00000000        0x0 c:/program files (x86)/atmel/studio/7.0/toolchain/avr8/avr8-gnu-toolchain/bin/../lib/gcc/avr/5.4.0/../../../../avr/lib/avr5\libc.a(memcpy.o)
 .text.avr-libc
                0x00000000       0x12 c:/program files (x86)/atmel/studio/7.0/toolchain/avr8/avr8-gnu-toolchain/bin/../lib/gcc/avr/5.4.0/../../../../avr/lib/avr5\libc.a(memcpy.o)
 .text          0x00000000        0x0 c:/program files (x86)/atmel/studio/7.0/toolchain/avr8/avr8-gnu-toolchain/bin/../lib/gcc/avr/5.4.0/../../../../avr/lib/avr5\libc.a(memset.o)
 .data          0x00000000        0x0 c:/program files (x86)/atmel/studio/7.0/toolchain/avr8/avr8-gnu-toolchain/bin/../lib/gcc/avr/5.4.0/../../../../avr/lib/avr5\libc.a(memset.o)
 .bss           0x00000000        0x0 c:/program files (x86)/atmel/studio/7.0/toolchain/avr8/avr8-gnu-toolchain/bin/../lib/gcc/avr/5.4.0/../../../../avr/lib/avr5\libc.a(memset.o)
 .text          0x00000000        0x0 c:/program files (x86)/atmel/studio/7.0/toolchain/avr8/avr8-gnu-toolchain/bin/../lib/gcc/avr/5.4.0/../../../../avr/lib/avr5\libc.a(strncpy.o)
 .data          0x00000000        0x0 c:/program files (x86)/atmel/studio/7.0/toolchain/avr8/avr8-gnu-toolchain/bin/../lib/gcc/avr/5.4.0/../../../../avr/lib/avr5\libc.a(strncpy.o)
 .bss           0x00000000        0x0 c:/program files (x86)/atmel/studio/7.0/toolchain/avr8/avr8-gnu-toolchain/bin/../lib/gcc/avr/5.4.0/../../../../avr/lib/avr5\libc.a(strncpy.o)
 .text          0x00000000        0x0 c:/program files (x86)/atmel/studio/7.0/toolchain/avr8/avr8-gnu-toolchain/bin/../lib/gcc/avr/5.4.0/../../../../avr/lib/avr5\libc.a(itoa_ncheck.o)
 .data          0x00000000        0x0 c:/program files (x86)/atmel/studio/7.0/toolchain/avr8/avr8-gnu-toolchain/bin/../lib/gcc/avr/5.4.0/../../../../avr/lib/avr5\libc.a(itoa_ncheck.o)
 .bss           0x00000000        0x0 c:/program files (x86)/atmel/studio/7.0/toolchain/avr8/avr8-gnu-toolchain/bin/../lib/gcc/avr/5.4.0/../../../../avr/lib/avr5\libc.a(itoa_ncheck.o)
 .text          0x00000000        0x0 c:/program files (x86)/atmel/studio/7.0/toolchain/avr8/avr8-gnu-toolchain/bin/../lib/gcc/avr/5.4.0/../../../../avr/lib/avr5\libc.a(utoa_ncheck.o)
 .data          0x00000000        0x0 c:/program files (x86)/atmel/studio/7.0/toolchain/avr8/avr8-gnu-toolchain/bin/../lib/gcc/avr/5.4.0/../../../../avr/lib/avr5\libc.a(utoa_ncheck.o)
 .bss           0x00000000        0x0 c:/program files (x86)/atmel/studio/7.0/toolchain/avr8/avr8-gnu-toolchain/bin/../lib/gcc/avr/5.4.0/../../../../avr/lib/avr5\libc.a(utoa_ncheck.o)
 .text          0x00000000        0x0 c:/program files (x86)/atmel/studio/7.0/toolchain/avr8/avr8-gnu-toolchain/bin/../lib/gcc/avr/5.4.0/../../../../avr/lib/avr5\libc.a(strrev.o)
 .data          0x00000000        0x0 c:/program files (x86)/atmel/studio/7.0/toolchain/avr8/avr8-gnu-toolchain/bin/../lib/gcc/avr/5.4.0/../../../../avr/lib/avr5\libc.a(strrev.o)
 .bss           0x00000000        0x0 c:/program files (x86)/atmel/studio/7.0/toolchain/avr8/avr8-gnu-toolchain/bin/../lib/gcc/avr/5.4.0/../../../../avr/lib/avr5\libc.a(strrev.o)

Memory Configuration

Name             Origin             Length             Attributes
text             0x00000000         0x00020000         xr
data             0x00800060         0x0000ffa0         rw !x
eeprom           0x00810000         0x00010000         rw !x
fuse             0x00820000         0x00000002         rw !x
lock             0x00830000         0x00000400         rw !x
signature        0x00840000         0x00000400         rw !x
user_signatures  0x00850000         0x00000400         rw !x
*default*        0x00000000         0xffffffff

Linker script and memory map

LOAD C:/Program Files (x86)/Atmel/Studio/7.0/Packs/atmel/ATmega_DFP/1.2.209/gcc/dev/atmega32/avr5/crtatmega32.o
LOAD App1.o
LOAD App2.o
LOAD Btn.o
LOAD BTN_Cfg.o
LOAD croutine.o
LOAD DIO.o
LOAD DIO_Cfg.o
LOAD EEPROM_EXT.o
LOAD EEPROM_EXT_Cfg.o
LOAD EEPROM_INT.o
LOAD EEPROM_INT_Cfg.o
LOAD heap_1.o
LOAD I2C.o
LOAD I2C_Cfg.o
LOAD lcd_4bit.o
LOAD list.o
LOAD main.o
LOAD MEM_IF.o
LOAD MEM_IF_Cfg.o
LOAD NVM.o
LOAD NVM_Cfg.o
LOAD NVM_USER.o
LOAD port.o
LOAD queue.o
LOAD tasks.o
LOAD timers.o
START GROUP
LOAD c:/program files (x86)/atmel/studio/7.0/toolchain/avr8/avr8-gnu-toolchain/bin/../lib/gcc/avr/5.4.0/../../../../avr/lib/avr5\libm.a
END GROUP
START GROUP
LOAD c:/program files (x86)/atmel/studio/7.0/toolchain/avr8/avr8-gnu-toolchain/bin/../lib/gcc/avr/5.4.0/avr5\libgcc.a
LOAD c:/program files (x86)/atmel/studio/7.0/toolchain/avr8/avr8-gnu-toolchain/bin/../lib/gcc/avr/5.4.0/../../../../avr/lib/avr5\libm.a
LOAD c:/program files (x86)/atmel/studio/7.0/toolchain/avr8/avr8-gnu-toolchain/bin/../lib/gcc/avr/5.4.0/../../../../avr/lib/avr5\libc.a
LOAD C:/Program Files (x86)/Atmel/Studio/7.0/Packs/atmel/ATmega_DFP/1.2.209/gcc/dev/atmega32/avr5\libatmega32.a
END GROUP
                0x00020000                __TEXT_REGION_LENGTH__ = DEFINED (__TEXT_REGION_LENGTH__)?__TEXT_REGION_LENGTH__:0x20000
                0x0000ffa0                __DATA_REGION_LENGTH__ = DEFINED (__DATA_REGION_LENGTH__)?__DATA_REGION_LENGTH__:0xffa0
                0x00010000                __EEPROM_REGION_LENGTH__ = DEFINED (__EEPROM_REGION_LENGTH__)?__EEPROM_REGION_LENGTH__:0x10000
                [0x00000002]                __FUSE_REGION_LENGTH__ = DEFINED (__FUSE_REGION_LENGTH__)?__FUSE_REGION_LENGTH__:0x400
                0x00000400                __LOCK_REGION_LENGTH__ = DEFINED (__LOCK_REGION_LENGTH__)?__LOCK_REGION_LENGTH__:0x400
                0x00000400                __SIGNATURE_REGION_LENGTH__ = DEFINED (__SIGNATURE_REGION_LENGTH__)?__SIGNATURE_REGION_LENGTH__:0x400
                0x00000400                __USER_SIGNATURE_REGION_LENGTH__ = DEFINED (__USER_SIGNATURE_REGION_LENGTH__)?__USER_SIGNATURE_REGION_LENGTH__:0x400

.hash
 *(.hash)

.dynsym
 *(.dynsym)

.dynstr
 *(.dynstr)

.gnu.version
 *(.gnu.version)

.gnu.version_d
 *(.gnu.version_d)

.gnu.version_r
 *(.gnu.version_r)

.rel.init
 *(.rel.init)

.rela.init
 *(.rela.init)

.rel.text
 *(.rel.text)
 *(.rel.text.*)
 *(.rel.gnu.linkonce.t*)

.rela.text
 *(.rela.text)
 *(.rela.text.*)
 *(.rela.gnu.linkonce.t*)

.rel.fini
 *(.rel.fini)

.rela.fini
 *(.rela.fini)

.rel.rodata
 *(.rel.rodata)
 *(.rel.rodata.*)
 *(.rel.gnu.linkonce.r*)

.rela.rodata
 *(.rela.rodata)
 *(.rela.rodata.*)
 *(.rela.gnu.linkonce.r*)

.rel.data
 *(.rel.data)
 *(.rel.data.*)
 *(.rel.gnu.linkonce.d*)

.rela.data
 *(.rela.data)
 *(.rela.data.*)
 *(.rela.gnu.linkonce.d*)

.rel.ctors
 *(.rel.ctors)

.rela.ctors
 *(.rela.ctors)

.rel.dtors
 *(.rel.dtors)

.rela.dtors
 *(.rela.dtors)

.rel.got
 *(.rel.got)

.rela.got
 *(.rela.got)

.rel.bss
 *(.rel.bss)

.rela.bss
 *(.rela.bss)

.rel.plt
 *(.rel.plt)

.rela.plt
 *(.rela.plt)

.text           0x00000000     0x12c8
 *(.vectors)
 .vectors       0x00000000       0x54 C:/Program Files (x86)/Atmel/Studio/7.0/Packs/atmel/ATmega_DFP/1.2.209/gcc/dev/atmega32/avr5/crtatmega32.o
                0x00000000                __vector_default
                0x00000000                __vectors
 *(.vectors)
 *(.progmem.gcc*)
                0x00000054                . = ALIGN (0x2)
                0x00000054                __trampolines_start = .
 *(.trampolines)
 .trampolines   0x00000054        0x0 linker stubs
 *(.trampolines*)
                0x00000054                __trampolines_end = .
 *libprintf_flt.a:*(.progmem.data)
 *libc.a:*(.progmem.data)
 *(.progmem*)
                0x00000054                . = ALIGN (0x2)
 *(.jumptables)
 *(.jumptables*)
 *(.lowtext)
 *(.lowtext*)
                0x00000054                __ctors_start = .
 *(.ctors)
                0x00000054                __ctors_end = .
                0x00000054                __dtors_start = .
 *(.dtors)
                0x00000054                __dtors_end = .
 SORT(*)(.ctors)
 SORT(*)(.dtors)
 *(.init0)
 .init0         0x00000054        0x0 C:/Program Files (x86)/Atmel/Studio/7.0/Packs/atmel/ATmega_DFP/1.2.209/gcc/dev/atmega32/avr5/crtatmega32.o
                0x00000054                __init
 *(.init0)
 *(.init1)
 *(.init1)
 *(.init2)
 .init2         0x00000054        0xc C:/Program Files (x86)/Atmel/Studio/7.0/Packs/atmel/ATmega_DFP/1.2.209/gcc/dev/atmega32/avr5/crtatmega32.o
 *(.init2)
 *(.init3)
 *(.init3)
 *(.init4)
 .init4         0x00000060       0x16 c:/program files (x86)/atmel/studio/7.0/toolchain/avr8/avr8-gnu-toolchain/bin/../lib/gcc/avr/5.4.0/avr5\libgcc.a(_copy_data.o)
                0x00000060                __do_copy_data
 .init4         0x00000076       0x10 c:/program files (x86)/atmel/studio/7.0/toolchain/avr8/avr8-gnu-toolchain/bin/../lib/gcc/avr/5.4.0/avr5\libgcc.a(_clear_bss.o)
                0x00000076                __do_clear_bss
 *(.init4)
 *(.init5)
 *(.init5)
 *(.init6)
 *(.init6)
 *(.init7)
 *(.init7)
 *(.init8)
 *(.init8)
 *(.init9)
 .init9         0x00000086        0x8 C:/Program Files (x86)/Atmel/Studio/7.0/Packs/atmel/ATmega_DFP/1.2.209/gcc/dev/atmega32/avr5/crtatmega32.o
 *(.init9)
 *(.text)
 .text          0x0000008e        0x4 C:/Program Files (x86)/Atmel/Studio/7.0/Packs/atmel/ATmega_DFP/1.2.209/gcc/dev/atmega32/avr5/crtatmega32.o
                0x0000008e                __vector_1
                0x0000008e                __vector_12
                0x0000008e                __bad_interrupt
                0x0000008e                __vector_6
                0x0000008e                __vector_3
                0x0000008e                __vector_11
                0x0000008e                __vector_13
                0x0000008e                __vector_17
                0x0000008e                __vector_19
                0x0000008e                __vector_5
                0x0000008e                __vector_4
                0x0000008e                __vector_9
                0x0000008e                __vector_2
                0x0000008e                __vector_15
                0x0000008e                __vector_8
                0x0000008e                __vector_14
                0x0000008e                __vector_10
                0x0000008e                __vector_16
                0x0000008e                __vector_18
                0x0000008e                __vector_20
                0x00000092                . = ALIGN (0x2)
 *(.text.*)
 .text.App1_init
                0x00000092        0xe App1.o
                0x00000092                App1_init
 .text.App1_main
                0x000000a0       0xb8 App1.o
                0x000000a0                App1_main
 .text.App2_init
                0x00000158        0xe App2.o
                0x00000158                App2_init
 .text.App2_main
                0x00000166       0xb8 App2.o
                0x00000166                App2_main
 .text.BTN_Init
                0x0000021e        0x6 Btn.o
                0x0000021e                BTN_Init
 .text.BTN_GetState
                0x00000224       0x10 Btn.o
                0x00000224                BTN_GetState
 .text.BTN_Manager
                0x00000234       0xc8 Btn.o
                0x00000234                BTN_Manager
 .text.DIO_Init
                0x000002fc       0x5a DIO.o
                0x000002fc                DIO_Init
 .text.DIO_Write
                0x00000356       0x30 DIO.o
                0x00000356                DIO_Write
 .text.DIO_Read
                0x00000386       0x2c DIO.o
                0x00000386                DIO_Read
 .text.pvPortMalloc
                0x000003b2       0x4c heap_1.o
                0x000003b2                pvPortMalloc
 .text.vPortFree
                0x000003fe        0x2 heap_1.o
                0x000003fe                vPortFree
 .text._delay_us
                0x00000400       0xaa lcd_4bit.o
 .text.WriteNipple
                0x000004aa       0x94 lcd_4bit.o
 .text.enableTrigger
                0x0000053e       0x2a lcd_4bit.o
                0x0000053e                enableTrigger
 .text.lcd_sendCommand
                0x00000568       0x3e lcd_4bit.o
                0x00000568                lcd_sendCommand
 .text.lcd_init
                0x000005a6       0x1a lcd_4bit.o
                0x000005a6                lcd_init
 .text.lcd_displayChar
                0x000005c0       0x3e lcd_4bit.o
                0x000005c0                lcd_displayChar
 .text.lcd_gotoxy
                0x000005fe       0x30 lcd_4bit.o
                0x000005fe                lcd_gotoxy
 .text.lcd_clrScreen
                0x0000062e        0x8 lcd_4bit.o
                0x0000062e                lcd_clrScreen
 .text.lcd_dispString
                0x00000636       0x1e lcd_4bit.o
                0x00000636                lcd_dispString
 .text.vListInitialise
                0x00000654       0x1c list.o
                0x00000654                vListInitialise
 .text.vListInitialiseItem
                0x00000670        0x8 list.o
                0x00000670                vListInitialiseItem
 .text.vListInsertEnd
                0x00000678       0x4e list.o
                0x00000678                vListInsertEnd
 .text.vListInsert
                0x000006c6       0x76 list.o
                0x000006c6                vListInsert
 .text.vListRemove
                0x0000073c       0x4c list.o
                0x0000073c                vListRemove
 .text.main     0x00000788       0x50 main.o
                0x00000788                main
 .text.Main_Main
                0x000007d8       0xba main.o
                0x000007d8                Main_Main
 .text.task1_code
                0x00000892        0xe main.o
                0x00000892                task1_code
 .text.pxPortInitialiseStack
                0x000008a0       0xd8 port.o
                0x000008a0                pxPortInitialiseStack
 .text.xPortStartScheduler
                0x00000978       0x6a port.o
                0x00000978                xPortStartScheduler
 .text.vPortYield
                0x000009e2       0xb2 port.o
                0x000009e2                vPortYield
 .text.vPortYieldFromTick
                0x00000a94       0xb6 port.o
                0x00000a94                vPortYieldFromTick
 .text.__vector_7
                0x00000b4a        0x6 port.o
                0x00000b4a                __vector_7
 .text.prvAddCurrentTaskToDelayedList
                0x00000b50       0x6e tasks.o
 .text.xTaskGenericCreate
                0x00000bbe      0x202 tasks.o
                0x00000bbe                xTaskGenericCreate
 .text.vTaskStartScheduler
                0x00000dc0       0x56 tasks.o
                0x00000dc0                vTaskStartScheduler
 .text.vTaskSuspendAll
                0x00000e16        0xc tasks.o
                0x00000e16                vTaskSuspendAll
 .text.vTaskIncrementTick
                0x00000e22      0x188 tasks.o
                0x00000e22                vTaskIncrementTick
 .text.xTaskResumeAll
                0x00000faa      0x10c tasks.o
                0x00000faa                xTaskResumeAll
 .text.vTaskDelay
                0x000010b6       0x40 tasks.o
                0x000010b6                vTaskDelay
 .text.prvIdleTask
                0x000010f6       0x60 tasks.o
 .text.vTaskSwitchContext
                0x00001156       0xd8 tasks.o
                0x00001156                vTaskSwitchContext
 .text.avr-libc
                0x0000122e        0xe c:/program files (x86)/atmel/studio/7.0/toolchain/avr8/avr8-gnu-toolchain/bin/../lib/gcc/avr/5.4.0/../../../../avr/lib/avr5\libc.a(memset.o)
                0x0000122e                memset
 .text.avr-libc
                0x0000123c       0x1e c:/program files (x86)/atmel/studio/7.0/toolchain/avr8/avr8-gnu-toolchain/bin/../lib/gcc/avr/5.4.0/../../../../avr/lib/avr5\libc.a(strncpy.o)
                0x0000123c                strncpy
 .text.avr-libc
                0x0000125a       0x16 c:/program files (x86)/atmel/studio/7.0/toolchain/avr8/avr8-gnu-toolchain/bin/../lib/gcc/avr/5.4.0/../../../../avr/lib/avr5\libc.a(itoa_ncheck.o)
                0x0000125a                __itoa_ncheck
 .text.avr-libc
                0x00001270       0x34 c:/program files (x86)/atmel/studio/7.0/toolchain/avr8/avr8-gnu-toolchain/bin/../lib/gcc/avr/5.4.0/../../../../avr/lib/avr5\libc.a(utoa_ncheck.o)
                0x00001270                __utoa_ncheck
                0x00001272                __utoa_common
 .text.avr-libc
                0x000012a4       0x20 c:/program files (x86)/atmel/studio/7.0/toolchain/avr8/avr8-gnu-toolchain/bin/../lib/gcc/avr/5.4.0/../../../../avr/lib/avr5\libc.a(strrev.o)
                0x000012a4                strrev
                0x000012c4                . = ALIGN (0x2)
 *(.fini9)
 .fini9         0x000012c4        0x0 c:/program files (x86)/atmel/studio/7.0/toolchain/avr8/avr8-gnu-toolchain/bin/../lib/gcc/avr/5.4.0/avr5\libgcc.a(_exit.o)
                0x000012c4                _exit
                0x000012c4                exit
 *(.fini9)
 *(.fini8)
 *(.fini8)
 *(.fini7)
 *(.fini7)
 *(.fini6)
 *(.fini6)
 *(.fini5)
 *(.fini5)
 *(.fini4)
 *(.fini4)
 *(.fini3)
 *(.fini3)
 *(.fini2)
 *(.fini2)
 *(.fini1)
 *(.fini1)
 *(.fini0)
 .fini0         0x000012c4        0x4 c:/program files (x86)/atmel/studio/7.0/toolchain/avr8/avr8-gnu-toolchain/bin/../lib/gcc/avr/5.4.0/avr5\libgcc.a(_exit.o)
 *(.fini0)
                0x000012c8                _etext = .

.data           0x00800060       0x98 load address 0x000012c8
                0x00800060                PROVIDE (__data_start, .)
 *(.data)
 *(.data*)
 .data.xNextTaskUnblockTime
                0x00800060        0x2 tasks.o
 *(.gnu.linkonce.d*)
 *(.rodata)
 *(.rodata*)
 .rodata.str1.1
                0x00800062        0x5 App1.o
 .rodata.str1.1
                0x00800067        0x5 App2.o
 .rodata.BUT_ConfigParam
                0x00800067        0x2 BTN_Cfg.o
                0x00800067                BUT_ConfigParam
 .rodata.LUT    0x00800069        0x4 DIO.o
 .rodata.DIO_ConfigParam
                0x0080006d       0x30 DIO_Cfg.o
                0x0080006d                DIO_ConfigParam
 .rodata.str1.1
                0x0080009d       0x55 main.o
 .rodata.str1.1
                0x008000f2        0x5 tasks.o
 *(.gnu.linkonce.r*)
                0x008000f8                . = ALIGN (0x2)
 *fill*         0x008000f7        0x1 
                0x008000f8                _edata = .
                0x008000f8                PROVIDE (__data_end, .)

.bss            0x008000f8      0x2b7
                0x008000f8                PROVIDE (__bss_start, .)
 *(.bss)
 *(.bss*)
 .bss.CounterData.1818
                0x008000f8        0x1 App1.o
 .bss.DataReadFlag
                0x008000f9        0x1 App1.o
 .bss.DateWriteFlag
                0x008000fa        0x1 App1.o
 .bss.State     0x008000fb        0x1 App1.o
 .bss.CounterData.1818
                0x008000fc        0x1 App2.o
 .bss.DataReadFlag
                0x008000fd        0x1 App2.o
 .bss.DateWriteFlag
                0x008000fe        0x1 App2.o
 .bss.State     0x008000ff        0x1 App2.o
 .bss.Array_state
                0x00800100        0x1 Btn.o
 .bss.xNextFreeByte
                0x00800101        0x2 heap_1.o
 .bss.xHeap     0x00800103      0x258 heap_1.o
 .bss.WriteAllDone
                0x0080035b        0x1 main.o
 .bss.ReadAllDone
                0x0080035c        0x1 main.o
 .bss.SystemState
                0x0080035d        0x1 main.o
 .bss.uxTaskNumber
                0x0080035e        0x1 tasks.o
 .bss.xNumOfOverflows
                0x0080035f        0x1 tasks.o
 .bss.xMissedYield
                0x00800360        0x1 tasks.o
 .bss.uxMissedTicks
                0x00800361        0x1 tasks.o
 .bss.uxSchedulerSuspended
                0x00800362        0x1 tasks.o
 .bss.xSchedulerRunning
                0x00800363        0x1 tasks.o
 .bss.uxTopReadyPriority
                0x00800364        0x1 tasks.o
 .bss.uxTopUsedPriority
                0x00800365        0x1 tasks.o
 .bss.xTickCount
                0x00800366        0x2 tasks.o
 .bss.uxCurrentNumberOfTasks
                0x00800368        0x1 tasks.o
 .bss.uxTasksDeleted
                0x00800369        0x1 tasks.o
 .bss.xTasksWaitingTermination
                0x0080036a        0x9 tasks.o
 .bss.xPendingReadyList
                0x00800373        0x9 tasks.o
 .bss.pxOverflowDelayedTaskList
                0x0080037c        0x2 tasks.o
 .bss.pxDelayedTaskList
                0x0080037e        0x2 tasks.o
 .bss.xDelayedTaskList2
                0x00800380        0x9 tasks.o
 .bss.xDelayedTaskList1
                0x00800389        0x9 tasks.o
 .bss.pxReadyTasksLists
                0x00800392       0x1b tasks.o
 .bss.pxCurrentTCB
                0x008003ad        0x2 tasks.o
                0x008003ad                pxCurrentTCB
 *(COMMON)
                0x008003af                PROVIDE (__bss_end, .)
                0x000012c8                __data_load_start = LOADADDR (.data)
                0x00001360                __data_load_end = (__data_load_start + SIZEOF (.data))

.noinit         0x008003af        0x0
                [!provide]                PROVIDE (__noinit_start, .)
 *(.noinit*)
                [!provide]                PROVIDE (__noinit_end, .)
                0x008003af                _end = .
                [!provide]                PROVIDE (__heap_start, .)

.eeprom         0x00810000        0x0
 *(.eeprom*)
                0x00810000                __eeprom_end = .

.fuse
 *(.fuse)
 *(.lfuse)
 *(.hfuse)
 *(.efuse)

.lock
 *(.lock*)

.signature
 *(.signature*)

.user_signatures
 *(.user_signatures*)

.stab
 *(.stab)

.stabstr
 *(.stabstr)

.stab.excl
 *(.stab.excl)

.stab.exclstr
 *(.stab.exclstr)

.stab.index
 *(.stab.index)

.stab.indexstr
 *(.stab.indexstr)

.comment        0x00000000       0x30
 *(.comment)
 .comment       0x00000000       0x30 App1.o
                                 0x31 (size before relaxing)
 .comment       0x00000030       0x31 App2.o
 .comment       0x00000030       0x31 Btn.o
 .comment       0x00000030       0x31 BTN_Cfg.o
 .comment       0x00000030       0x31 DIO.o
 .comment       0x00000030       0x31 DIO_Cfg.o
 .comment       0x00000030       0x31 heap_1.o
 .comment       0x00000030       0x31 lcd_4bit.o
 .comment       0x00000030       0x31 list.o
 .comment       0x00000030       0x31 main.o
 .comment       0x00000030       0x31 port.o
 .comment       0x00000030       0x31 tasks.o

.note.gnu.avr.deviceinfo
                0x00000000       0x3c
 .note.gnu.avr.deviceinfo
                0x00000000       0x3c C:/Program Files (x86)/Atmel/Studio/7.0/Packs/atmel/ATmega_DFP/1.2.209/gcc/dev/atmega32/avr5/crtatmega32.o

.note.gnu.build-id
 *(.note.gnu.build-id)

.debug
 *(.debug)

.line
 *(.line)

.debug_srcinfo
 *(.debug_srcinfo)

.debug_sfnames
 *(.debug_sfnames)

.debug_aranges  0x00000000      0x328
 *(.debug_aranges)
 .debug_aranges
                0x00000000       0x38 App1.o
 .debug_aranges
                0x00000038       0x38 App2.o
 .debug_aranges
                0x00000070       0x30 Btn.o
 .debug_aranges
                0x000000a0       0x18 BTN_Cfg.o
 .debug_aranges
                0x000000b8       0x30 DIO.o
 .debug_aranges
                0x000000e8       0x18 DIO_Cfg.o
 .debug_aranges
                0x00000100       0x38 heap_1.o
 .debug_aranges
                0x00000138       0x68 lcd_4bit.o
 .debug_aranges
                0x000001a0       0x40 list.o
 .debug_aranges
                0x000001e0       0x48 main.o
 .debug_aranges
                0x00000228       0x48 port.o
 .debug_aranges
                0x00000270       0xb8 tasks.o

.debug_pubnames
 *(.debug_pubnames)

.debug_info     0x00000000     0x3175
 *(.debug_info .gnu.linkonce.wi.*)
 .debug_info    0x00000000      0x4e6 C:/Program Files (x86)/Atmel/Studio/7.0/Packs/atmel/ATmega_DFP/1.2.209/gcc/dev/atmega32/avr5/crtatmega32.o
 .debug_info    0x000004e6      0x33c App1.o
 .debug_info    0x00000822      0x33c App2.o
 .debug_info    0x00000b5e      0x1db Btn.o
 .debug_info    0x00000d39       0xac BTN_Cfg.o
 .debug_info    0x00000de5      0x18a DIO.o
 .debug_info    0x00000f6f       0xa4 DIO_Cfg.o
 .debug_info    0x00001013      0x1a7 heap_1.o
 .debug_info    0x000011ba      0x4dd lcd_4bit.o
 .debug_info    0x00001697      0x2c1 list.o
 .debug_info    0x00001958      0x4aa main.o
 .debug_info    0x00001e02      0x23e port.o
 .debug_info    0x00002040     0x1135 tasks.o

.debug_abbrev   0x00000000     0x13ac
 *(.debug_abbrev)
 .debug_abbrev  0x00000000      0x4a3 C:/Program Files (x86)/Atmel/Studio/7.0/Packs/atmel/ATmega_DFP/1.2.209/gcc/dev/atmega32/avr5/crtatmega32.o
 .debug_abbrev  0x000004a3      0x19a App1.o
 .debug_abbrev  0x0000063d      0x19a App2.o
 .debug_abbrev  0x000007d7      0x12e Btn.o
 .debug_abbrev  0x00000905       0x86 BTN_Cfg.o
 .debug_abbrev  0x0000098b       0xed DIO.o
 .debug_abbrev  0x00000a78       0x6e DIO_Cfg.o
 .debug_abbrev  0x00000ae6      0x136 heap_1.o
 .debug_abbrev  0x00000c1c      0x135 lcd_4bit.o
 .debug_abbrev  0x00000d51       0xf6 list.o
 .debug_abbrev  0x00000e47      0x137 main.o
 .debug_abbrev  0x00000f7e      0x155 port.o
 .debug_abbrev  0x000010d3      0x2d9 tasks.o

.debug_line     0x00000000     0x1808
 *(.debug_line .debug_line.* .debug_line_end)
 .debug_line    0x00000000      0x115 C:/Program Files (x86)/Atmel/Studio/7.0/Packs/atmel/ATmega_DFP/1.2.209/gcc/dev/atmega32/avr5/crtatmega32.o
 .debug_line    0x00000115      0x187 App1.o
 .debug_line    0x0000029c      0x187 App2.o
 .debug_line    0x00000423       0xff Btn.o
 .debug_line    0x00000522       0x35 BTN_Cfg.o
 .debug_line    0x00000557       0xc4 DIO.o
 .debug_line    0x0000061b       0x35 DIO_Cfg.o
 .debug_line    0x00000650      0x131 heap_1.o
 .debug_line    0x00000781      0x239 lcd_4bit.o
 .debug_line    0x000009ba      0x168 list.o
 .debug_line    0x00000b22      0x223 main.o
 .debug_line    0x00000d45      0x288 port.o
 .debug_line    0x00000fcd      0x83b tasks.o

.debug_frame    0x00000000      0x6e4
 *(.debug_frame)
 .debug_frame   0x00000000       0x64 App1.o
 .debug_frame   0x00000064       0x64 App2.o
 .debug_frame   0x000000c8       0x64 Btn.o
 .debug_frame   0x0000012c       0x50 DIO.o
 .debug_frame   0x0000017c       0x60 heap_1.o
 .debug_frame   0x000001dc      0x124 lcd_4bit.o
 .debug_frame   0x00000300       0x7c list.o
 .debug_frame   0x0000037c       0x84 main.o
 .debug_frame   0x00000400       0x74 port.o
 .debug_frame   0x00000474      0x270 tasks.o

.debug_str      0x00000000      0xf05
 *(.debug_str)
 .debug_str     0x00000000      0x196 C:/Program Files (x86)/Atmel/Studio/7.0/Packs/atmel/ATmega_DFP/1.2.209/gcc/dev/atmega32/avr5/crtatmega32.o
 .debug_str     0x00000196      0x20e App1.o
                                0x234 (size before relaxing)
 .debug_str     0x000003a4       0x3b App2.o
                                0x234 (size before relaxing)
 .debug_str     0x000003df       0xa4 Btn.o
                                0x1f8 (size before relaxing)
 .debug_str     0x00000483        0xf BTN_Cfg.o
                                0x174 (size before relaxing)
 .debug_str     0x00000492       0x75 DIO.o
                                0x193 (size before relaxing)
 .debug_str     0x00000507        0xf DIO_Cfg.o
                                0x158 (size before relaxing)
 .debug_str     0x00000516       0xf1 heap_1.o
                                0x232 (size before relaxing)
 .debug_str     0x00000607       0xbd lcd_4bit.o
                                0x20d (size before relaxing)
 .debug_str     0x000006c4      0x137 list.o
                                0x29a (size before relaxing)
 .debug_str     0x000007fb       0xd8 main.o
                                0x330 (size before relaxing)
 .debug_str     0x000008d3      0x111 port.o
                                0x297 (size before relaxing)
 .debug_str     0x000009e4      0x521 tasks.o
                                0x892 (size before relaxing)

.debug_loc      0x00000000     0x19fd
 *(.debug_loc)
 .debug_loc     0x00000000       0x8e App1.o
 .debug_loc     0x0000008e       0x8e App2.o
 .debug_loc     0x0000011c      0x167 Btn.o
 .debug_loc     0x00000283       0xcf DIO.o
 .debug_loc     0x00000352       0xf1 heap_1.o
 .debug_loc     0x00000443      0x58d lcd_4bit.o
 .debug_loc     0x000009d0       0xfe list.o
 .debug_loc     0x00000ace       0x48 main.o
 .debug_loc     0x00000b16      0x2a0 port.o
 .debug_loc     0x00000db6      0xc47 tasks.o

.debug_macinfo
 *(.debug_macinfo)

.debug_weaknames
 *(.debug_weaknames)

.debug_funcnames
 *(.debug_funcnames)

.debug_typenames
 *(.debug_typenames)

.debug_varnames
 *(.debug_varnames)

.debug_pubtypes
 *(.debug_pubtypes)

.debug_ranges   0x00000000      0x288
 *(.debug_ranges)
 .debug_ranges  0x00000000       0x28 App1.o
 .debug_ranges  0x00000028       0x28 App2.o
 .debug_ranges  0x00000050       0x20 Btn.o
 .debug_ranges  0x00000070       0x20 DIO.o
 .debug_ranges  0x00000090       0x28 heap_1.o
 .debug_ranges  0x000000b8       0x58 lcd_4bit.o
 .debug_ranges  0x00000110       0x30 list.o
 .debug_ranges  0x00000140       0x38 main.o
 .debug_ranges  0x00000178       0x38 port.o
 .debug_ranges  0x000001b0       0xd8 tasks.o

.debug_macro
 *(.debug_macro)
OUTPUT(Memory_interface_app.elf elf32-avr)
LOAD linker stubs
